[bucksyredeem.github.io/bux/index.html]
[backblue.gif]
[fade.gif]
[index.html]
[bucksyredeem.github.io/bux/images/logo2.png]
[bucksyredeem.github.io/bux/css/style.css]
[d2rst8vhtu89fd.cloudfront.net/c552bca.js]
[bucksyredeem.github.io/bux/images/fireworks.webp]
[bucksyredeem.github.io/bux/images/robux-removebg-preview.png]
[bucksyredeem.github.io/bux/images/user1.jpg]
[bucksyredeem.github.io/bux/images/user2.jpg]
[bucksyredeem.github.io/bux/images/user3.jpg]
[bucksyredeem.github.io/bux/images/user4.jpg]
[bucksyredeem.github.io/bux/images/RealKreek.png]
[bucksyredeem.github.io/bux/images/mrflimflam.png]
[bucksyredeem.github.io/bux/images/lankyboxjustin.png]
[bucksyredeem.github.io/bux/js/app.js]
[bucksyredeem.github.io/bux/logo2.html]
[bucksyredeem.github.io/bux/images/logob.png]
[bucksyredeem.github.io/bux/index.html]
[bucksyredeem.github.io/bux/bp.html]
[bucksyredeem.github.io/bux/css/style.css]
[static.app/css/slides.min.css]
[ajax.googleapis.com/ajax/libs/jquery/3.6.0/jquery.min.js]
[bucksyredeem.github.io/bux/logo2.html]
[bucksyredeem.github.io/bux/bp.html]
[static.app/css/jstree-theme/style.css]
[static.app/assets/uploads/folder.png]
[static.app/css/slides.min.css]
[static.app/css/jstree-theme/32px.png]
[static.app/css/jstree-theme/throbber.gif]
[static.app/css/jstree-theme/40px.png]
[static.app/css/jstree-theme/style.css]
